=== audit_marks_by_class v6  years=[2024, 2025] ===
total races: 6,878

--- 複勝圏率 (%) ─ 3着以内に入る率 ---
クラス         R数       ◎      〇      ▲     △1     △2
--------------------------------------------------------
新馬         604    57.9   48.3   37.3   29.8   26.0
未勝利       2473    67.1   50.7   42.7   32.8   25.1
1勝        1835    62.3   46.2   40.7   31.6   26.8
2勝         925    58.7   50.4   37.6   32.1   29.7
3勝         427    53.4   49.2   37.7   29.7   26.7
ｵｰﾌﾟﾝ      213    57.7   43.2   38.5   31.5   25.8
OP(L)      126    52.4   43.7   42.1   31.0   26.2
G3         133    54.1   36.1   37.6   29.3   21.1
G2          76    57.9   52.6   28.9   32.9   21.1
G1          47    57.4   25.5   29.8   34.0   23.4
JG3          9    77.8   66.7   44.4   44.4   11.1
JG2          6   100.0   66.7   50.0   16.7   16.7
JG1          4    25.0   75.0   75.0   50.0   25.0

--- 連対率 (%) ─ 2着以内に入る率 ---
クラス         R数       ◎      〇      ▲     △1     △2
--------------------------------------------------------
新馬         604    46.5   33.6   27.0   18.5   15.4
未勝利       2473    53.8   36.9   28.4   20.1   15.4
1勝        1835    49.5   33.1   27.2   20.4   16.9
2勝         925    48.0   35.2   27.4   21.8   17.9
3勝         427    40.7   37.0   25.1   19.7   15.7
ｵｰﾌﾟﾝ      213    45.5   31.0   26.3   23.5   16.0
OP(L)      126    36.5   34.9   25.4   23.0   19.0
G3         133    41.4   26.3   27.1   21.1   14.3
G2          76    43.4   42.1   19.7   19.7   13.2
G1          47    48.9   21.3   23.4   23.4   14.9
JG3          9    66.7   44.4   33.3   22.2   11.1
JG2          6   100.0   33.3   16.7   16.7   16.7
JG1          4    25.0   75.0    0.0   25.0   25.0

--- 1着率 (%) ---
クラス         R数       ◎      〇      ▲     △1     △2
--------------------------------------------------------
新馬         604    26.7   17.5   13.6    9.9    7.0
未勝利       2473    33.5   19.1   12.5    9.4    7.2
1勝        1835    30.0   17.2   13.9    9.4    7.6
2勝         925    30.5   18.8   12.0    9.5    8.2
3勝         427    26.7   19.0   12.2    8.0    5.6
ｵｰﾌﾟﾝ      213    21.1   18.8   14.6   13.1    7.0
OP(L)      126    23.0   15.1   12.7   12.7    7.9
G3         133    25.6   15.0   12.8   10.5    6.8
G2          76    19.7   21.1    7.9    7.9   10.5
G1          47    31.9   12.8    8.5   10.6    4.3
JG3          9    55.6   11.1    0.0   11.1    0.0
JG2          6    50.0   16.7    0.0   16.7   16.7
JG1          4    25.0   50.0    0.0    0.0    0.0

--- 参考: NDCG@5 / ECE ---
クラス         R数   NDCG5   ECE単◎   ECE複◎   ECE馬連
--------------------------------------------------------
新馬         604  0.5707  0.0411  0.0291  0.0293
未勝利       2473  0.6381  0.0281  0.0185  0.0129
1勝        1835  0.5997  0.0327  0.0253  0.0123
2勝         925  0.6032  0.0245  0.0286  0.0209
3勝         427  0.5540  0.0147  0.0338  0.0187
ｵｰﾌﾟﾝ      213  0.5584  0.0482  0.0610  0.0264
OP(L)      126  0.5377  0.0819  0.0642  0.0288
G3         133  0.5230  0.0562  0.0573  0.0168
G2          76  0.5404  0.0866  0.1163  0.0584
G1          47  0.5298       -       -       -
JG3          9  0.7441       -       -       -
JG2          6  0.8201       -       -       -
JG1          4  0.6245       -       -       -
